4.099s: read 641 bytes
4.542s: read 319 bytes
4.965s: read 312 bytes
5.384s: read 313 bytes
5.801s: read 314 bytes
6.217s: read 312 bytes
6.635s: read 312 bytes
7.057s: read 314 bytes
7.472s: read 313 bytes
7.911s: read 320 bytes
8.333s: read 315 bytes
8.759s: read 316 bytes
9.183s: read 313 bytes
9.612s: read 319 bytes
10.030s: read 314 bytes
10.869s: read 316 bytes
11.307s: read 313 bytes
11.738s: read 313 bytes
12.161s: read 316 bytes
12.577s: read 312 bytes
12.997s: read 316 bytes
13.415s: read 313 bytes
13.833s: read 317 bytes
14.278s: read 317 bytes
14.696s: read 312 bytes
